// Jest Snapshot v1, https://goo.gl/fbAQLP

exports[`graphql scalars / scalarsResolver createScalarResolvers 1`] = `
Object {
  "CountryCode": "CountryCode",
  "Cursor": "Cursor",
  "Date": "Date",
  "DateTime": "DateTime",
  "EmailAddress": "Email",
  "PersonalIdentityCode": "PersonalIdentityCode",
  "PhoneNumber": "Phone",
  "UUID": "UUID",
  "Upload": "Upload",
}
`;
