// Jest Snapshot v1, https://goo.gl/fbAQLP

exports[`Graphql / schema createExecutableSchema 1`] = `
GraphQLSchema {
  "__validationErrors": undefined,
  "_directives": Array [
    "@auth",
    "@deprecated",
    "@include",
    "@skip",
    "@specifiedBy",
  ],
  "_implementationsMap": Object {
    "FailureOutput": Object {
      "interfaces": Array [],
      "objects": Array [
        "UniqueConstraintViolationFailure",
        "NotFoundFailure",
        "InvalidCursorFailure",
      ],
    },
    "Person": Object {
      "interfaces": Array [],
      "objects": Array [
        "Adult",
        "Underage",
      ],
    },
  },
  "_mutationType": "Mutation",
  "_queryType": "Query",
  "_subTypeMap": Object {},
  "_subscriptionType": "Subscription",
  "_typeMap": Object {
    "AccessRight": "AccessRight",
    "AddCompanyInput": "AddCompanyInput",
    "AddCompanyOutput": "AddCompanyOutput",
    "AddCompanySuccess": "AddCompanySuccess",
    "AddEmployeeInput": "AddEmployeeInput",
    "AddEmployeeOutput": "AddEmployeeOutput",
    "AddEmployeeSuccess": "AddEmployeeSuccess",
    "AddPersonInput": "AddPersonInput",
    "AddPersonOutput": "AddPersonOutput",
    "AddPersonPersonInput": "AddPersonPersonInput",
    "AddPersonSuccess": "AddPersonSuccess",
    "Adult": "Adult",
    "AuthenticatedUserFailure": "AuthenticatedUserFailure",
    "AuthenticatedUserResponse": "AuthenticatedUserResponse",
    "AuthenticatedUserSuccess": "AuthenticatedUserSuccess",
    "Boolean": "Boolean",
    "Company": "Company",
    "CompanyFailureNotFound": "CompanyFailureNotFound",
    "CompanyFilterInput": "CompanyFilterInput",
    "CompanyFilterOperationInput": "CompanyFilterOperationInput",
    "CompanyInput": "CompanyInput",
    "CompanyOutput": "CompanyOutput",
    "CompanyQuery": "CompanyQuery",
    "CompanySuccess": "CompanySuccess",
    "CountryCode": "CountryCode",
    "Cursor": "Cursor",
    "Date": "Date",
    "DateFilter": "DateFilter",
    "DateTime": "DateTime",
    "EditCompanyFailureNotFound": "EditCompanyFailureNotFound",
    "EditCompanyInput": "EditCompanyInput",
    "EditCompanyOutput": "EditCompanyOutput",
    "EditCompanySuccess": "EditCompanySuccess",
    "EditPersonInput": "EditPersonInput",
    "EditPersonOutput": "EditPersonOutput",
    "EditPersonSuccess": "EditPersonSuccess",
    "Email": "Email",
    "FailureOutput": "FailureOutput",
    "FilterOperator": "FilterOperator",
    "Gender": "Gender",
    "Int": "Int",
    "InvalidCursorFailure": "InvalidCursorFailure",
    "LoginUserFailure": "LoginUserFailure",
    "LoginUserInput": "LoginUserInput",
    "LoginUserResponse": "LoginUserResponse",
    "LoginUserSuccess": "LoginUserSuccess",
    "Mutation": "Mutation",
    "NotFoundFailure": "NotFoundFailure",
    "NumberFact": "NumberFact",
    "NumberFactFailure": "NumberFactFailure",
    "NumberFactInput": "NumberFactInput",
    "NumberFactOutput": "NumberFactOutput",
    "NumberFactSuccess": "NumberFactSuccess",
    "PageInfo": "PageInfo",
    "PaginationInput": "PaginationInput",
    "Person": "Person",
    "PersonFilterInput": "PersonFilterInput",
    "PersonFilterOperationInput": "PersonFilterOperationInput",
    "PersonInput": "PersonInput",
    "PersonSortField": "PersonSortField",
    "PersonSortInput": "PersonSortInput",
    "PersonalIdentityCode": "PersonalIdentityCode",
    "PersonsOutput": "PersonsOutput",
    "PersonsPaginationEdge": "PersonsPaginationEdge",
    "PersonsPaginationResponse": "PersonsPaginationResponse",
    "Phone": "Phone",
    "Query": "Query",
    "RegisterFailure": "RegisterFailure",
    "RegisterFailureAlreadyExists": "RegisterFailureAlreadyExists",
    "RegisterInput": "RegisterInput",
    "RegisterResponse": "RegisterResponse",
    "RegisterSuccess": "RegisterSuccess",
    "RemoveEmployeeInput": "RemoveEmployeeInput",
    "RemoveEmployeeOutput": "RemoveEmployeeOutput",
    "RemoveEmployeeSuccess": "RemoveEmployeeSuccess",
    "SortOrder": "SortOrder",
    "String": "String",
    "StringFilter": "StringFilter",
    "Subscription": "Subscription",
    "TimeFilter": "TimeFilter",
    "Timestamp": "Timestamp",
    "UUID": "UUID",
    "Underage": "Underage",
    "UniqueConstraintViolationFailure": "UniqueConstraintViolationFailure",
    "Upload": "Upload",
    "User": "User",
    "__Directive": "__Directive",
    "__DirectiveLocation": "__DirectiveLocation",
    "__EnumValue": "__EnumValue",
    "__Field": "__Field",
    "__InputValue": "__InputValue",
    "__Schema": "__Schema",
    "__Type": "__Type",
    "__TypeKind": "__TypeKind",
  },
  "astNode": Object {
    "kind": "SchemaDefinition",
    "operationTypes": Array [
      Object {
        "kind": "OperationTypeDefinition",
        "operation": "query",
        "type": Object {
          "kind": "NamedType",
          "name": Object {
            "kind": "Name",
            "loc": Object {
              "end": 1401,
              "start": 1396,
            },
            "value": "Query",
          },
        },
      },
      Object {
        "kind": "OperationTypeDefinition",
        "operation": "mutation",
        "type": Object {
          "kind": "NamedType",
          "name": Object {
            "kind": "Name",
            "loc": Object {
              "end": 371,
              "start": 363,
            },
            "value": "Mutation",
          },
        },
      },
      Object {
        "kind": "OperationTypeDefinition",
        "operation": "subscription",
        "type": Object {
          "kind": "NamedType",
          "name": Object {
            "kind": "Name",
            "loc": Object {
              "end": 1640,
              "start": 1628,
            },
            "value": "Subscription",
          },
        },
      },
    ],
  },
  "description": undefined,
  "extensionASTNodes": Array [],
  "extensions": undefined,
}
`;

exports[`Graphql / schema createSchema 1`] = `
Object {
  "inheritResolversFromInterfaces": true,
  "resolverValidationOptions": Object {
    "requireResolversForAllFields": "ignore",
    "requireResolversForResolveType": "ignore",
    "requireResolversToMatchSchema": "warn",
  },
}
`;
